<html>
<body>
<pre>
<h1>µVision Build Log</h1>
<h2>Tool Versions:</h2>
IDE-Version: ¦ÌVision V5.22.0.0
Copyright (C) 2016 ARM Ltd and ARM Germany GmbH. All rights reserved.
License Information: dd º£É½, 111, LIC=WHYHL-0MEJJ-QDBKD-8DLY3-VAYN7-JQDRY
 
Tool Versions:
Toolchain:       MDK-ARM Plus  Version: 5.22
Toolchain Path:  D:\Keil_v5\ARM\ARMCC\Bin
C Compiler:      Armcc.exe V5.06 update 4 (build 422)
Assembler:       Armasm.exe V5.06 update 4 (build 422)
Linker/Locator:  ArmLink.exe V5.06 update 4 (build 422)
Library Manager: ArmAr.exe V5.06 update 4 (build 422)
Hex Converter:   FromElf.exe V5.06 update 4 (build 422)
CPU DLL:         SARMCM3.DLL V5.22
Dialog DLL:      DARMCM1.DLL V1.15.0.0
Target DLL:      Segger\JL2CM3.dll V2.99.23.0
Dialog DLL:      TARMCM1.DLL V1.11.0.0
 
<h2>Project:</h2>
C:\Users\du\Desktop\FT810\Template.uvprojx
Project File Date:  12/29/2017

<h2>Output:</h2>
*** Using Compiler 'V5.06 update 4 (build 422)', folder: 'D:\Keil_v5\ARM\ARMCC\Bin'
Build target 'Template'
assembling startup_M051Series.s...
linking...
Program Size: Code=12636 RO-data=284 RW-data=516 ZI-data=2388  
".\obj\template.axf" - 0 Error(s), 0 Warning(s).

<h2>Software Packages used:</h2>

Package Vendor: ARM
                http://www.keil.com/pack/ARM.CMSIS.5.0.0.pack
                ARM::CMSIS:CORE:5.0.0
                CMSIS (Cortex Microcontroller Software Interface Standard)
   * Component: CORE Version: 5.0.0

Package Vendor: Nuvoton
                http://www.nuvoton.com/hq/enu/Documents/KEILSoftwarePack/Nuvoton.NuMicro_DFP.1.1.0.pack
                Nuvoton::Device:Startup:3.01.001
                Nuvoton ARM Cortex-M NuMicro Family Device Support
   * Component: Startup Version: 3.01.001
   * Component: FMC Version: 3.01.001
   * Component: CLK Version: 3.01.001
   * Component: GPIO Version: 3.01.001
   * Component: SYS Version: 3.01.001
   * Component: UART Version: 3.01.001
   * Component: SPI Version: 3.01.001

<h2>Collection of Component include folders:</h2>
  C:\Users\du\Desktop\FT810\RTE\_Template
  d:\Keil_v5\ARM\PACK\ARM\CMSIS\5.0.0\CMSIS\Include
  d:\Keil_v5\ARM\PACK\Nuvoton\NuMicro_DFP\1.1.0\Device\M051\Driver
  d:\Keil_v5\ARM\PACK\Nuvoton\NuMicro_DFP\1.1.0\Device\M051\Include

<h2>Collection of Component Files used:</h2>

   * Component: ARM::CMSIS:CORE:5.0.0

   * Component: Nuvoton::Device:Startup:3.01.001
      Source file:   Device\M051\Source\system_M051Series.c
      Source file:   Device\M051\Source\ARM\startup_M051Series.s
      Include file:  Device\M051\Include\M051Series.h
      Source file:   Device\M051\Driver\retarget.c

   * Component: Nuvoton::Device:Driver:FMC:3.01.001
      Include file:  Device\M051\Driver\fmc.h
      Source file:   Device\M051\Driver\fmc.c

   * Component: Nuvoton::Device:Driver:CLK:3.01.001
      Source file:   Device\M051\Driver\clk.c
      Include file:  Device\M051\Driver\clk.h

   * Component: Nuvoton::Device:Driver:GPIO:3.01.001
      Include file:  Device\M051\Driver\gpio.h
      Source file:   Device\M051\Driver\gpio.c

   * Component: Nuvoton::Device:Driver:SYS:3.01.001
      Source file:   Device\M051\Driver\sys.c
      Include file:  Device\M051\Driver\sys.h

   * Component: Nuvoton::Device:Driver:UART:3.01.001
      Source file:   Device\M051\Driver\uart.c
      Include file:  Device\M051\Driver\uart.h

   * Component: Nuvoton::Device:Driver:SPI:3.01.001
      Source file:   Device\M051\Driver\spi.c
      Include file:  Device\M051\Driver\spi.h
Build Time Elapsed:  00:00:02
</pre>
</body>
</html>
